// Jest Snapshot v1, https://goo.gl/fbAQLP

exports[`test BlockHeader render should render BlockHeader success render 1`] = `
<div
  class="ant-block-header"
  style="margin-bottom: 16px;"
>
  <div
    class="ant-block-header__title ant-block-header__title--middle ant-block-header__title--background"
  >
    <div
      class="title__box"
    >
      <div
        class="title__addon-before title__addon-before--middle"
      >
        <div
          class="addon-before--default"
        />
      </div>
      <div
        class="title__text"
      >
        标题1
      </div>
    </div>
  </div>
  <div
    class="ant-collapsible-wrapper"
    style="overflow: hidden; height: 0px; opacity: 1; transition-duration: 0ms;"
  >
    <div
      style="overflow: hidden;"
    >
      <div
        class="ant-block-header__content ant-block-header__content--active"
      />
    </div>
  </div>
</div>
`;
