// Jest Snapshot v1, https://goo.gl/fbAQLP

exports[`table public API structure should expose expected named exports: table-named-exports 1`] = `
[
  "BatchEditModal",
  "Column",
  "ColumnGroup",
  "DEFAULT_PREFIX",
  "EXPAND_COLUMN",
  "INTERNAL_COL_DEFINE",
  "INTERNAL_HOOKS",
  "Summary",
  "Table",
  "TableContext",
  "VirtualTable",
  "applyBatchRules",
  "convertChildrenToColumns",
  "genTable",
  "genVirtualTable",
  "makeImmutable",
  "responseImmutable",
]
`;

exports[`table public API structure should snapshot Summary static property keys: summary-static-keys 1`] = `
[
  "Cell",
  "Row",
]
`;

exports[`table public API structure should snapshot Table static property keys: table-static-keys 1`] = `
[
  "$$typeof",
  "Column",
  "ColumnGroup",
  "EXPAND_COLUMN",
  "SELECTION_ALL",
  "SELECTION_COLUMN",
  "SELECTION_INVERT",
  "SELECTION_NONE",
  "Summary",
  "render",
]
`;
